../Core/Src/stm32f4xx_hal_msp.c:65:6:HAL_MspInit	8	static
../Core/Src/stm32f4xx_hal_msp.c:87:6:HAL_CRC_MspInit	8	static
../Core/Src/stm32f4xx_hal_msp.c:109:6:HAL_CRC_MspDeInit	0	static
../Core/Src/stm32f4xx_hal_msp.c:131:6:HAL_I2C_MspInit	48	static
../Core/Src/stm32f4xx_hal_msp.c:167:6:HAL_I2C_MspDeInit	8	static
../Core/Src/stm32f4xx_hal_msp.c:198:6:HAL_I2S_MspInit	72	static
../Core/Src/stm32f4xx_hal_msp.c:273:6:HAL_I2S_MspDeInit	8	static
../Core/Src/stm32f4xx_hal_msp.c:307:6:HAL_SPI_MspInit	40	static
../Core/Src/stm32f4xx_hal_msp.c:344:6:HAL_SPI_MspDeInit	0	static
../Core/Src/stm32f4xx_hal_msp.c:374:6:HAL_UART_MspInit	40	static
../Core/Src/stm32f4xx_hal_msp.c:410:6:HAL_UART_MspDeInit	0	static
