../Drivers/BSP/STM32F4-Discovery/stm32f4_discovery_audio.c:614:16:I2S3_Init	8	static
../Drivers/BSP/STM32F4-Discovery/stm32f4_discovery_audio.c:262:9:BSP_AUDIO_OUT_Play	16	static
../Drivers/BSP/STM32F4-Discovery/stm32f4_discovery_audio.c:281:6:BSP_AUDIO_OUT_ChangeBuffer	0	static
../Drivers/BSP/STM32F4-Discovery/stm32f4_discovery_audio.c:293:9:BSP_AUDIO_OUT_Pause	8	static
../Drivers/BSP/STM32F4-Discovery/stm32f4_discovery_audio.c:313:9:BSP_AUDIO_OUT_Resume	8	static
../Drivers/BSP/STM32F4-Discovery/stm32f4_discovery_audio.c:333:9:BSP_AUDIO_OUT_Stop	16	static
../Drivers/BSP/STM32F4-Discovery/stm32f4_discovery_audio.c:361:9:BSP_AUDIO_OUT_SetVolume	8	static
../Drivers/BSP/STM32F4-Discovery/stm32f4_discovery_audio.c:377:9:BSP_AUDIO_OUT_SetMute	8	static
../Drivers/BSP/STM32F4-Discovery/stm32f4_discovery_audio.c:395:9:BSP_AUDIO_OUT_SetOutputMode	8	static
../Drivers/BSP/STM32F4-Discovery/stm32f4_discovery_audio.c:450:13:BSP_AUDIO_OUT_ClockConfig	32	static
../Drivers/BSP/STM32F4-Discovery/stm32f4_discovery_audio.c:411:6:BSP_AUDIO_OUT_SetFrequency	8	static
../Drivers/BSP/STM32F4-Discovery/stm32f4_discovery_audio.c:487:13:BSP_AUDIO_OUT_MspInit	56	static
../Drivers/BSP/STM32F4-Discovery/stm32f4_discovery_audio.c:216:9:BSP_AUDIO_OUT_Init	24	static
../Drivers/BSP/STM32F4-Discovery/stm32f4_discovery_audio.c:555:13:BSP_AUDIO_OUT_MspDeInit	8	static
../Drivers/BSP/STM32F4-Discovery/stm32f4_discovery_audio.c:591:13:BSP_AUDIO_OUT_TransferComplete_CallBack	0	static
../Drivers/BSP/STM32F4-Discovery/stm32f4_discovery_audio.c:423:6:HAL_I2S_TxCpltCallback	8	static
../Drivers/BSP/STM32F4-Discovery/stm32f4_discovery_audio.c:597:13:BSP_AUDIO_OUT_HalfTransfer_CallBack	0	static
../Drivers/BSP/STM32F4-Discovery/stm32f4_discovery_audio.c:434:6:HAL_I2S_TxHalfCpltCallback	8	static
../Drivers/BSP/STM32F4-Discovery/stm32f4_discovery_audio.c:603:13:BSP_AUDIO_OUT_Error_CallBack	0	static
../Drivers/BSP/STM32F4-Discovery/stm32f4_discovery_audio.c:682:9:BSP_AUDIO_IN_Record	8	static
../Drivers/BSP/STM32F4-Discovery/stm32f4_discovery_audio.c:698:9:BSP_AUDIO_IN_Stop	8	static
../Drivers/BSP/STM32F4-Discovery/stm32f4_discovery_audio.c:714:9:BSP_AUDIO_IN_Pause	8	static
../Drivers/BSP/STM32F4-Discovery/stm32f4_discovery_audio.c:726:9:BSP_AUDIO_IN_Resume	8	static
../Drivers/BSP/STM32F4-Discovery/stm32f4_discovery_audio.c:740:9:BSP_AUDIO_IN_SetVolume	0	static
../Drivers/BSP/STM32F4-Discovery/stm32f4_discovery_audio.c:754:9:BSP_AUDIO_IN_PDMToPCM	144	static
../Drivers/BSP/STM32F4-Discovery/stm32f4_discovery_audio.c:805:13:BSP_AUDIO_IN_ClockConfig	24	static
../Drivers/BSP/STM32F4-Discovery/stm32f4_discovery_audio.c:836:13:BSP_AUDIO_IN_MspInit	64	static
../Drivers/BSP/STM32F4-Discovery/stm32f4_discovery_audio.c:652:9:BSP_AUDIO_IN_Init	48	static
../Drivers/BSP/STM32F4-Discovery/stm32f4_discovery_audio.c:900:13:BSP_AUDIO_IN_MspDeInit	8	static
../Drivers/BSP/STM32F4-Discovery/stm32f4_discovery_audio.c:930:13:BSP_AUDIO_IN_TransferComplete_CallBack	0	static
../Drivers/BSP/STM32F4-Discovery/stm32f4_discovery_audio.c:782:6:HAL_I2S_RxCpltCallback	8	static
../Drivers/BSP/STM32F4-Discovery/stm32f4_discovery_audio.c:939:13:BSP_AUDIO_IN_HalfTransfer_CallBack	0	static
../Drivers/BSP/STM32F4-Discovery/stm32f4_discovery_audio.c:791:6:HAL_I2S_RxHalfCpltCallback	8	static
../Drivers/BSP/STM32F4-Discovery/stm32f4_discovery_audio.c:948:13:BSP_AUDIO_IN_Error_Callback	0	static
../Drivers/BSP/STM32F4-Discovery/stm32f4_discovery_audio.c:1032:6:HAL_I2S_ErrorCallback	8	static
